// Jest Snapshot v1, https://goo.gl/fbAQLP

exports[`useDragScroll should do something 1`] = `
<HookWrapper>
  <div />
</HookWrapper>
`;
